
> next-education-malaysia@0.1.0 build
> next build

Γû▓ Next.js 16.1.6 (Turbopack)
- Environments: .env

  Creating an optimized production build ...
node.exe : 
At line:1 char:1
+ & "C:\Program Files\nodejs/node.exe" 
"C:\Program Files\nodejs/node_mo ...
+ ~~~~~~~~~~~~~~~~~~~~~~~~~~~~~~~~~~~~~~~~~~
~~~~~~~~~~~~~~~~~~~~~~~~~~~
    + CategoryInfo          : NotSpecified: 
    (:String) [], RemoteException
    + FullyQualifiedErrorId : NativeCommand 
   Error
 
> Build error occurred
Error: Turbopack build failed with 17 
errors:
./src/app/course/[slug]/CourseCategoryDetail
Client.tsx:1:27
Ecmascript file had an error
[0m[31m[1m>[22m[39m[90m 1 |[39m 
[36mimport[39m [33mReact[39m[33m,[39m 
{ useState[33m,[39m useEffect[33m,[39m 
useMemo } [36mfrom[39m [32m'react'[39m
 [90m   |[39m                           [
31m[1m^[22m[39m[31m[1m^[22m[39m[31m
[1m^[22m[39m[31m[1m^[22m[39m[31m[1m^
[22m[39m[31m[1m^[22m[39m[31m[1m^[22
m[39m[31m[1m^[22m[39m[31m[1m^[22m[3
9m
 [90m 2 |[39m [36mimport[39m 
[33mBreadcrumb[39m [36mfrom[39m 
[32m'@/components/Breadcrumb'[39m
 [90m 3 |[39m [36mimport[39m { 
 [90m 4 |[39m   [33mHome[39m[33m,[39m 
[0m

You're importing a component that needs 
`useEffect`. This React Hook only works in 
a Client Component. To fix, mark the file 
(or its parent) with the `"use client"` 
directive.

 Learn more: https://nextjs.org/docs/app/api
-reference/directives/use-client



Import trace:
  Server Component:
    ./src/app/course/[slug]/CourseCategoryDe
tailClient.tsx
    ./src/app/course/[slug]/page.tsx


./src/app/course/[slug]/CourseCategoryDetail
Client.tsx:1:17
Ecmascript file had an error
[0m[31m[1m>[22m[39m[90m 1 |[39m 
[36mimport[39m [33mReact[39m[33m,[39m 
{ useState[33m,[39m useEffect[33m,[39m 
useMemo } [36mfrom[39m [32m'react'[39m
 [90m   |[39m                 [31m[1m^[
22m[39m[31m[1m^[22m[39m[31m[1m^[22m
[39m[31m[1m^[22m[39m[31m[1m^[22m[39m
[31m[1m^[22m[39m[31m[1m^[22m[39m[31
m[1m^[22m[39m
 [90m 2 |[39m [36mimport[39m 
[33mBreadcrumb[39m [36mfrom[39m 
[32m'@/components/Breadcrumb'[39m
 [90m 3 |[39m [36mimport[39m { 
 [90m 4 |[39m   [33mHome[39m[33m,[39m 
[0m

You're importing a component that needs 
`useState`. This React Hook only works in a 
Client Component. To fix, mark the file (or 
its parent) with the `"use client"` 
directive.

 Learn more: https://nextjs.org/docs/app/api
-reference/directives/use-client



Import trace:
  Server Component:
    ./src/app/course/[slug]/CourseCategoryDe
tailClient.tsx
    ./src/app/course/[slug]/page.tsx


./src/app/university/[slug]/courses/[courseS
lug]/CourseDetailClient.tsx:1:27
Ecmascript file had an error
[0m[31m[1m>[22m[39m[90m 1 |[39m 
[36mimport[39m [33mReact[39m[33m,[39m 
{ useState[33m,[39m useEffect } 
[36mfrom[39m [32m'react'[39m
 [90m   |[39m                           [
31m[1m^[22m[39m[31m[1m^[22m[39m[31m
[1m^[22m[39m[31m[1m^[22m[39m[31m[1m^
[22m[39m[31m[1m^[22m[39m[31m[1m^[22
m[39m[31m[1m^[22m[39m[31m[1m^[22m[3
9m
 [90m 2 |[39m [36mimport[39m 
[33mLink[39m [36mfrom[39m 
[32m'next/link'[39m
 [90m 3 |[39m [36mimport[39m { 
useRouter } [36mfrom[39m 
[32m'next/navigation'[39m
 [90m 4 |[39m [36mimport[39m {[0m

You're importing a component that needs 
`useEffect`. This React Hook only works in 
a Client Component. To fix, mark the file 
(or its parent) with the `"use client"` 
directive.

 Learn more: https://nextjs.org/docs/app/api
-reference/directives/use-client



Import trace:
  Server Component:
    ./src/app/university/[slug]/courses/[cou
rseSlug]/CourseDetailClient.tsx
    ./src/app/university/[slug]/courses/[cou
rseSlug]/page.tsx


./src/app/university/[slug]/courses/[courseS
lug]/CourseDetailClient.tsx:3:10
Ecmascript file had an error
[0m [90m 1 |[39m [36mimport[39m 
[33mReact[39m[33m,[39m { 
useState[33m,[39m useEffect } 
[36mfrom[39m [32m'react'[39m
 [90m 2 |[39m [36mimport[39m 
[33mLink[39m [36mfrom[39m 
[32m'next/link'[39m
[31m[1m>[22m[39m[90m 3 |[39m 
[36mimport[39m { useRouter } 
[36mfrom[39m [32m'next/navigation'[39m
 [90m   |[39m          [31m[1m^[22m[39
m[31m[1m^[22m[39m[31m[1m^[22m[39m[3
1m[1m^[22m[39m[31m[1m^[22m[39m[31m[
1m^[22m[39m[31m[1m^[22m[39m[31m[1m^
[22m[39m[31m[1m^[22m[39m
 [90m 4 |[39m [36mimport[39m {
 [90m 5 |[39m   
[33mBookOpen[39m[33m,[39m
 [90m 6 |[39m   
[33mGraduationCap[39m[33m,[39m[0m

You're importing a component that needs 
`useRouter`. This React Hook only works in 
a Client Component. To fix, mark the file 
(or its parent) with the `"use client"` 
directive.

 Learn more: https://nextjs.org/docs/app/api
-reference/directives/use-client



Import trace:
  Server Component:
    ./src/app/university/[slug]/courses/[cou
rseSlug]/CourseDetailClient.tsx
    ./src/app/university/[slug]/courses/[cou
rseSlug]/page.tsx


./src/app/university/[slug]/courses/[courseS
lug]/CourseDetailClient.tsx:1:17
Ecmascript file had an error
[0m[31m[1m>[22m[39m[90m 1 |[39m 
[36mimport[39m [33mReact[39m[33m,[39m 
{ useState[33m,[39m useEffect } 
[36mfrom[39m [32m'react'[39m
 [90m   |[39m                 [31m[1m^[
22m[39m[31m[1m^[22m[39m[31m[1m^[22m
[39m[31m[1m^[22m[39m[31m[1m^[22m[39m
[31m[1m^[22m[39m[31m[1m^[22m[39m[31
m[1m^[22m[39m
 [90m 2 |[39m [36mimport[39m 
[33mLink[39m [36mfrom[39m 
[32m'next/link'[39m
 [90m 3 |[39m [36mimport[39m { 
useRouter } [36mfrom[39m 
[32m'next/navigation'[39m
 [90m 4 |[39m [36mimport[39m {[0m

You're importing a component that needs 
`useState`. This React Hook only works in a 
Client Component. To fix, mark the file (or 
its parent) with the `"use client"` 
directive.

 Learn more: https://nextjs.org/docs/app/api
-reference/directives/use-client



Import trace:
  Server Component:
    ./src/app/university/[slug]/courses/[cou
rseSlug]/CourseDetailClient.tsx
    ./src/app/university/[slug]/courses/[cou
rseSlug]/page.tsx


./src/components/modals/AuthModal.tsx:1:27
Ecmascript file had an error
[0m[31m[1m>[22m[39m[90m 1 |[39m 
[36mimport[39m [33mReact[39m[33m,[39m 
{ useState[33m,[39m useEffect } 
[36mfrom[39m [32m"react"[39m[33m;[39m
 [90m   |[39m                           [
31m[1m^[22m[39m[31m[1m^[22m[39m[31m
[1m^[22m[39m[31m[1m^[22m[39m[31m[1m^
[22m[39m[31m[1m^[22m[39m[31m[1m^[22
m[39m[31m[1m^[22m[39m[31m[1m^[22m[3
9m
 [90m 2 |[39m [36mimport[39m { 
[33mX[39m } [36mfrom[39m 
[32m"lucide-react"[39m[33m;[39m
 [90m 3 |[39m [36mimport[39m 
[33mModalSignUp[39m [36mfrom[39m 
[32m"./ModalSignUp"[39m[33m;[39m
 [90m 4 |[39m [36mimport[39m 
[33mModalLogin[39m [36mfrom[39m 
[32m"./ModalLogin"[39m[33m;[39m[0m

You're importing a component that needs 
`useEffect`. This React Hook only works in 
a Client Component. To fix, mark the file 
(or its parent) with the `"use client"` 
directive.

 Learn more: https://nextjs.org/docs/app/api
-reference/directives/use-client



Import traces:
  Server Component:
    ./src/components/modals/AuthModal.tsx
    ./src/app/university/[slug]/courses/[cou
rseSlug]/CourseDetailClient.tsx
    ./src/app/university/[slug]/courses/[cou
rseSlug]/page.tsx

  Client Component Browser:
    ./src/components/modals/AuthModal.tsx 
[Client Component Browser]
    ./src/components/university/UniversityCo
ursesClient.tsx [Client Component Browser]
    ./src/components/university/UniversityCo
ntentClient.tsx [Client Component Browser]
    ./src/components/university/UniversityCo
ntentClient.tsx [Server Component]
    ./src/app/university/[slug]/page.tsx 
[Server Component]

  Client Component SSR:
    ./src/components/modals/AuthModal.tsx 
[Client Component SSR]
    ./src/components/university/UniversityCo
ursesClient.tsx [Client Component SSR]
    ./src/components/university/UniversityCo
ntentClient.tsx [Client Component SSR]
    ./src/components/university/UniversityCo
ntentClient.tsx [Server Component]
    ./src/app/university/[slug]/page.tsx 
[Server Component]


./src/components/modals/AuthModal.tsx:1:17
Ecmascript file had an error
[0m[31m[1m>[22m[39m[90m 1 |[39m 
[36mimport[39m [33mReact[39m[33m,[39m 
{ useState[33m,[39m useEffect } 
[36mfrom[39m [32m"react"[39m[33m;[39m
 [90m   |[39m                 [31m[1m^[
22m[39m[31m[1m^[22m[39m[31m[1m^[22m
[39m[31m[1m^[22m[39m[31m[1m^[22m[39m
[31m[1m^[22m[39m[31m[1m^[22m[39m[31
m[1m^[22m[39m
 [90m 2 |[39m [36mimport[39m { 
[33mX[39m } [36mfrom[39m 
[32m"lucide-react"[39m[33m;[39m
 [90m 3 |[39m [36mimport[39m 
[33mModalSignUp[39m [36mfrom[39m 
[32m"./ModalSignUp"[39m[33m;[39m
 [90m 4 |[39m [36mimport[39m 
[33mModalLogin[39m [36mfrom[39m 
[32m"./ModalLogin"[39m[33m;[39m[0m

You're importing a component that needs 
`useState`. This React Hook only works in a 
Client Component. To fix, mark the file (or 
its parent) with the `"use client"` 
directive.

 Learn more: https://nextjs.org/docs/app/api
-reference/directives/use-client



Import traces:
  Server Component:
    ./src/components/modals/AuthModal.tsx
    ./src/app/university/[slug]/courses/[cou
rseSlug]/CourseDetailClient.tsx
    ./src/app/university/[slug]/courses/[cou
rseSlug]/page.tsx

  Client Component Browser:
    ./src/components/modals/AuthModal.tsx 
[Client Component Browser]
    ./src/components/university/UniversityCo
ursesClient.tsx [Client Component Browser]
    ./src/components/university/UniversityCo
ntentClient.tsx [Client Component Browser]
    ./src/components/university/UniversityCo
ntentClient.tsx [Server Component]
    ./src/app/university/[slug]/page.tsx 
[Server Component]

  Client Component SSR:
    ./src/components/modals/AuthModal.tsx 
[Client Component SSR]
    ./src/components/university/UniversityCo
ursesClient.tsx [Client Component SSR]
    ./src/components/university/UniversityCo
ntentClient.tsx [Client Component SSR]
    ./src/components/university/UniversityCo
ntentClient.tsx [Server Component]
    ./src/app/university/[slug]/page.tsx 
[Server Component]


./src/components/modals/ModalLogin.tsx:1:17
Ecmascript file had an error
[0m[31m[1m>[22m[39m[90m 1 |[39m 
[36mimport[39m [33mReact[39m[33m,[39m 
{ useState } [36mfrom[39m 
[32m'react'[39m
 [90m   |[39m                 [31m[1m^[
22m[39m[31m[1m^[22m[39m[31m[1m^[22m
[39m[31m[1m^[22m[39m[31m[1m^[22m[39m
[31m[1m^[22m[39m[31m[1m^[22m[39m[31
m[1m^[22m[39m
 [90m 2 |[39m [36mimport[39m { 
 [90m 3 |[39m   
[33mFaEnvelope[39m[33m,[39m 
 [90m 4 |[39m   
[33mFaLock[39m[33m,[39m [0m

You're importing a component that needs 
`useState`. This React Hook only works in a 
Client Component. To fix, mark the file (or 
its parent) with the `"use client"` 
directive.

 Learn more: https://nextjs.org/docs/app/api
-reference/directives/use-client



Import traces:
  Server Component:
    ./src/components/modals/ModalLogin.tsx
    ./src/components/modals/AuthModal.tsx
    ./src/app/university/[slug]/courses/[cou
rseSlug]/CourseDetailClient.tsx
    ./src/app/university/[slug]/courses/[cou
rseSlug]/page.tsx

  Client Component Browser:
    ./src/components/modals/ModalLogin.tsx 
[Client Component Browser]
    ./src/components/modals/AuthModal.tsx 
[Client Component Browser]
    ./src/components/university/UniversityCo
ursesClient.tsx [Client Component Browser]
    ./src/components/university/UniversityCo
ntentClient.tsx [Client Component Browser]
    ./src/components/university/UniversityCo
ntentClient.tsx [Server Component]
    ./src/app/university/[slug]/page.tsx 
[Server Component]

  Client Component SSR:
    ./src/components/modals/ModalLogin.tsx 
[Client Component SSR]
    ./src/components/modals/AuthModal.tsx 
[Client Component SSR]
    ./src/components/university/UniversityCo
ursesClient.tsx [Client Component SSR]
    ./src/components/university/UniversityCo
ntentClient.tsx [Client Component SSR]
    ./src/components/university/UniversityCo
ntentClient.tsx [Server Component]
    ./src/app/university/[slug]/page.tsx 
[Server Component]


./src/components/modals/ModalOTP.tsx:1:17
Ecmascript file had an error
[0m[31m[1m>[22m[39m[90m 1 |[39m 
[36mimport[39m [33mReact[39m[33m,[39m 
{ useState } [36mfrom[39m 
[32m"react"[39m[33m;[39m
 [90m   |[39m                 [31m[1m^[
22m[39m[31m[1m^[22m[39m[31m[1m^[22m
[39m[31m[1m^[22m[39m[31m[1m^[22m[39m
[31m[1m^[22m[39m[31m[1m^[22m[39m[31
m[1m^[22m[39m
 [90m 2 |[39m [36mimport[39m { 
[33mKeyRound[39m } [36mfrom[39m 
[32m"lucide-react"[39m[33m;[39m
 [90m 3 |[39m [36mimport[39m axios 
[36mfrom[39m [32m"axios"[39m[33m;[39m
 [90m 4 |[39m [36mimport[39m { toast } 
[36mfrom[39m 
[32m"react-toastify"[39m[33m;[39m[0m

You're importing a component that needs 
`useState`. This React Hook only works in a 
Client Component. To fix, mark the file (or 
its parent) with the `"use client"` 
directive.

 Learn more: https://nextjs.org/docs/app/api
-reference/directives/use-client



Import traces:
  Server Component:
    ./src/components/modals/ModalOTP.tsx
    ./src/components/modals/AuthModal.tsx
    ./src/app/university/[slug]/courses/[cou
rseSlug]/CourseDetailClient.tsx
    ./src/app/university/[slug]/courses/[cou
rseSlug]/page.tsx

  Client Component Browser:
    ./src/components/modals/ModalOTP.tsx 
[Client Component Browser]
    ./src/components/modals/AuthModal.tsx 
[Client Component Browser]
    ./src/components/university/UniversityCo
ursesClient.tsx [Client Component Browser]
    ./src/components/university/UniversityCo
ntentClient.tsx [Client Component Browser]
    ./src/components/university/UniversityCo
ntentClient.tsx [Server Component]
    ./src/app/university/[slug]/page.tsx 
[Server Component]

  Client Component SSR:
    ./src/components/modals/ModalOTP.tsx 
[Client Component SSR]
    ./src/components/modals/AuthModal.tsx 
[Client Component SSR]
    ./src/components/university/UniversityCo
ursesClient.tsx [Client Component SSR]
    ./src/components/university/UniversityCo
ntentClient.tsx [Client Component SSR]
    ./src/components/university/UniversityCo
ntentClient.tsx [Server Component]
    ./src/app/university/[slug]/page.tsx 
[Server Component]


./src/components/modals/ModalSignUp.tsx:1:17
Ecmascript file had an error
[0m[31m[1m>[22m[39m[90m 1 |[39m 
[36mimport[39m [33mReact[39m[33m,[39m 
{ useEffect[33m,[39m useState } 
[36mfrom[39m [32m"react"[39m[33m;[39m
 [90m   |[39m                 [31m[1m^[
22m[39m[31m[1m^[22m[39m[31m[1m^[22m
[39m[31m[1m^[22m[39m[31m[1m^[22m[39m
[31m[1m^[22m[39m[31m[1m^[22m[39m[31
m[1m^[22m[39m[31m[1m^[22m[39m
 [90m 2 |[39m [36mimport[39m {
 [90m 3 |[39m   
[33mFaUser[39m[33m,[39m
 [90m 4 |[39m   
[33mFaEnvelope[39m[33m,[39m[0m

You're importing a component that needs 
`useEffect`. This React Hook only works in 
a Client Component. To fix, mark the file 
(or its parent) with the `"use client"` 
directive.

 Learn more: https://nextjs.org/docs/app/api
-reference/directives/use-client



Import traces:
  Server Component:
    ./src/components/modals/ModalSignUp.tsx
    ./src/components/modals/AuthModal.tsx
    ./src/app/university/[slug]/courses/[cou
rseSlug]/CourseDetailClient.tsx
    ./src/app/university/[slug]/courses/[cou
rseSlug]/page.tsx

  Client Component Browser:
    ./src/components/modals/ModalSignUp.tsx 
[Client Component Browser]
    ./src/components/modals/AuthModal.tsx 
[Client Component Browser]
    ./src/components/university/UniversityCo
ursesClient.tsx [Client Component Browser]
    ./src/components/university/UniversityCo
ntentClient.tsx [Client Component Browser]
    ./src/components/university/UniversityCo
ntentClient.tsx [Server Component]
    ./src/app/university/[slug]/page.tsx 
[Server Component]

  Client Component SSR:
    ./src/components/modals/ModalSignUp.tsx 
[Client Component SSR]
    ./src/components/modals/AuthModal.tsx 
[Client Component SSR]
    ./src/components/university/UniversityCo
ursesClient.tsx [Client Component SSR]
    ./src/components/university/UniversityCo
ntentClient.tsx [Client Component SSR]
    ./src/components/university/UniversityCo
ntentClient.tsx [Server Component]
    ./src/app/university/[slug]/page.tsx 
[Server Component]


./src/components/modals/ModalSignUp.tsx:1:28
Ecmascript file had an error
[0m[31m[1m>[22m[39m[90m 1 |[39m 
[36mimport[39m [33mReact[39m[33m,[39m 
{ useEffect[33m,[39m useState } 
[36mfrom[39m [32m"react"[39m[33m;[39m
 [90m   |[39m                            
[31m[1m^[22m[39m[31m[1m^[22m[39m[31m
[1m^[22m[39m[31m[1m^[22m[39m[31m[1m
^[22m[39m[31m[1m^[22m[39m[31m[1m^[2
2m[39m[31m[1m^[22m[39m
 [90m 2 |[39m [36mimport[39m {
 [90m 3 |[39m   
[33mFaUser[39m[33m,[39m
 [90m 4 |[39m   
[33mFaEnvelope[39m[33m,[39m[0m

You're importing a component that needs 
`useState`. This React Hook only works in a 
Client Component. To fix, mark the file (or 
its parent) with the `"use client"` 
directive.

 Learn more: https://nextjs.org/docs/app/api
-reference/directives/use-client



Import traces:
  Server Component:
    ./src/components/modals/ModalSignUp.tsx
    ./src/components/modals/AuthModal.tsx
    ./src/app/university/[slug]/courses/[cou
rseSlug]/CourseDetailClient.tsx
    ./src/app/university/[slug]/courses/[cou
rseSlug]/page.tsx

  Client Component Browser:
    ./src/components/modals/ModalSignUp.tsx 
[Client Component Browser]
    ./src/components/modals/AuthModal.tsx 
[Client Component Browser]
    ./src/components/university/UniversityCo
ursesClient.tsx [Client Component Browser]
    ./src/components/university/UniversityCo
ntentClient.tsx [Client Component Browser]
    ./src/components/university/UniversityCo
ntentClient.tsx [Server Component]
    ./src/app/university/[slug]/page.tsx 
[Server Component]

  Client Component SSR:
    ./src/components/modals/ModalSignUp.tsx 
[Client Component SSR]
    ./src/components/modals/AuthModal.tsx 
[Client Component SSR]
    ./src/components/university/UniversityCo
ursesClient.tsx [Client Component SSR]
    ./src/components/university/UniversityCo
ntentClient.tsx [Client Component SSR]
    ./src/components/university/UniversityCo
ntentClient.tsx [Server Component]
    ./src/app/university/[slug]/page.tsx 
[Server Component]


./src/components/modals/usePopupFormState.ts
:1:20
Ecmascript file had an error
[0m[31m[1m>[22m[39m[90m 1 |[39m 
[36mimport[39m { useState[33m,[39m 
useEffect[33m,[39m useCallback } 
[36mfrom[39m [32m"react"[39m[33m;[39m
 [90m   |[39m                    [31m[1m
^[22m[39m[31m[1m^[22m[39m[31m[1m^[2
2m[39m[31m[1m^[22m[39m[31m[1m^[22m[
39m[31m[1m^[22m[39m[31m[1m^[22m[39m
[31m[1m^[22m[39m[31m[1m^[22m[39m
 [90m 2 |[39m [36mimport[39m axios 
[36mfrom[39m [32m"axios"[39m[33m;[39m
 [90m 3 |[39m
 [90m 4 |[39m [36mconst[39m 
[33mAPI_BASE[39m [33m=[39m process[33m.
[39menv[33m.[39m[33mNEXT_PUBLIC_API_URL
[39m [33m||[39m [32m'https://admin.educat
ionmalaysia.in/api'[39m[33m;[39m[0m

You're importing a component that needs 
`useEffect`. This React Hook only works in 
a Client Component. To fix, mark the file 
(or its parent) with the `"use client"` 
directive.

 Learn more: https://nextjs.org/docs/app/api
-reference/directives/use-client



Import traces:
  Server Component:
    
./src/components/modals/usePopupFormState.ts
    ./src/components/modals/PopupForm.tsx
    ./src/app/university/[slug]/courses/[cou
rseSlug]/CourseDetailClient.tsx
    ./src/app/university/[slug]/courses/[cou
rseSlug]/page.tsx

  Client Component Browser:
    ./src/components/modals/usePopupFormStat
e.ts [Client Component Browser]
    ./src/components/modals/PopupForm.tsx 
[Client Component Browser]
    ./src/components/university/UniversityCo
ursesClient.tsx [Client Component Browser]
    ./src/components/university/UniversityCo
ntentClient.tsx [Client Component Browser]
    ./src/components/university/UniversityCo
ntentClient.tsx [Server Component]
    ./src/app/university/[slug]/page.tsx 
[Server Component]

  Client Component SSR:
    ./src/components/modals/usePopupFormStat
e.ts [Client Component SSR]
    ./src/components/modals/PopupForm.tsx 
[Client Component SSR]
    ./src/components/university/UniversityCo
ursesClient.tsx [Client Component SSR]
    ./src/components/university/UniversityCo
ntentClient.tsx [Client Component SSR]
    ./src/components/university/UniversityCo
ntentClient.tsx [Server Component]
    ./src/app/university/[slug]/page.tsx 
[Server Component]


./src/components/modals/usePopupFormState.ts
:1:10
Ecmascript file had an error
[0m[31m[1m>[22m[39m[90m 1 |[39m 
[36mimport[39m { useState[33m,[39m 
useEffect[33m,[39m useCallback } 
[36mfrom[39m [32m"react"[39m[33m;[39m
 [90m   |[39m          [31m[1m^[22m[39
m[31m[1m^[22m[39m[31m[1m^[22m[39m[3
1m[1m^[22m[39m[31m[1m^[22m[39m[31m[
1m^[22m[39m[31m[1m^[22m[39m[31m[1m^
[22m[39m
 [90m 2 |[39m [36mimport[39m axios 
[36mfrom[39m [32m"axios"[39m[33m;[39m
 [90m 3 |[39m
 [90m 4 |[39m [36mconst[39m 
[33mAPI_BASE[39m [33m=[39m process[33m.
[39menv[33m.[39m[33mNEXT_PUBLIC_API_URL
[39m [33m||[39m [32m'https://admin.educat
ionmalaysia.in/api'[39m[33m;[39m[0m

You're importing a component that needs 
`useState`. This React Hook only works in a 
Client Component. To fix, mark the file (or 
its parent) with the `"use client"` 
directive.

 Learn more: https://nextjs.org/docs/app/api
-reference/directives/use-client



Import traces:
  Server Component:
    
./src/components/modals/usePopupFormState.ts
    ./src/components/modals/PopupForm.tsx
    ./src/app/university/[slug]/courses/[cou
rseSlug]/CourseDetailClient.tsx
    ./src/app/university/[slug]/courses/[cou
rseSlug]/page.tsx

  Client Component Browser:
    ./src/components/modals/usePopupFormStat
e.ts [Client Component Browser]
    ./src/components/modals/PopupForm.tsx 
[Client Component Browser]
    ./src/components/university/UniversityCo
ursesClient.tsx [Client Component Browser]
    ./src/components/university/UniversityCo
ntentClient.tsx [Client Component Browser]
    ./src/components/university/UniversityCo
ntentClient.tsx [Server Component]
    ./src/app/university/[slug]/page.tsx 
[Server Component]

  Client Component SSR:
    ./src/components/modals/usePopupFormStat
e.ts [Client Component SSR]
    ./src/components/modals/PopupForm.tsx 
[Client Component SSR]
    ./src/components/university/UniversityCo
ursesClient.tsx [Client Component SSR]
    ./src/components/university/UniversityCo
ntentClient.tsx [Client Component SSR]
    ./src/components/university/UniversityCo
ntentClient.tsx [Server Component]
    ./src/app/university/[slug]/page.tsx 
[Server Component]


./src/components/university/PopularCourses.t
sx:1:27
Ecmascript file had an error
[0m[31m[1m>[22m[39m[90m 1 |[39m 
[36mimport[39m [33mReact[39m[33m,[39m 
{ useState[33m,[39m useEffect } 
[36mfrom[39m [32m"react"[39m[33m;[39m
 [90m   |[39m                           [
31m[1m^[22m[39m[31m[1m^[22m[39m[31m
[1m^[22m[39m[31m[1m^[22m[39m[31m[1m^
[22m[39m[31m[1m^[22m[39m[31m[1m^[22
m[39m[31m[1m^[22m[39m[31m[1m^[22m[3
9m
 [90m 2 |[39m [36mimport[39m { 
[33mFaArrowRight[39m } [36mfrom[39m 
[32m"react-icons/fa"[39m[33m;[39m
 [90m 3 |[39m [36mimport[39m 
[33mLink[39m [36mfrom[39m 
[32m"next/link"[39m[33m;[39m
 [90m 4 |[39m [36mimport[39m { 
useRouter } [36mfrom[39m 
[32m"next/navigation"[39m[33m;[39m[0m

You're importing a component that needs 
`useEffect`. This React Hook only works in 
a Client Component. To fix, mark the file 
(or its parent) with the `"use client"` 
directive.

 Learn more: https://nextjs.org/docs/app/api
-reference/directives/use-client



Import trace:
  Server Component:
    ./src/components/university/PopularCours
es.tsx
    ./src/app/university/[slug]/courses/[cou
rseSlug]/CourseDetailClient.tsx
    ./src/app/university/[slug]/courses/[cou
rseSlug]/page.tsx


./src/components/university/PopularCourses.t
sx:4:10
Ecmascript file had an error
[0m [90m 2 |[39m [36mimport[39m { 
[33mFaArrowRight[39m } [36mfrom[39m 
[32m"react-icons/fa"[39m[33m;[39m
 [90m 3 |[39m [36mimport[39m 
[33mLink[39m [36mfrom[39m 
[32m"next/link"[39m[33m;[39m
[31m[1m>[22m[39m[90m 4 |[39m 
[36mimport[39m { useRouter } 
[36mfrom[39m 
[32m"next/navigation"[39m[33m;[39m
 [90m   |[39m          [31m[1m^[22m[39
m[31m[1m^[22m[39m[31m[1m^[22m[39m[3
1m[1m^[22m[39m[31m[1m^[22m[39m[31m[
1m^[22m[39m[31m[1m^[22m[39m[31m[1m^
[22m[39m[31m[1m^[22m[39m
 [90m 5 |[39m [36mimport[39m axios 
[36mfrom[39m [32m"axios"[39m[33m;[39m
 [90m 6 |[39m
 [90m 7 |[39m [36mconst[39m 
[33mAPI_BASE[39m [33m=[39m process[33m.
[39menv[33m.[39m[33mNEXT_PUBLIC_API_URL
[39m [33m||[39m [32m'https://admin.educat
ionmalaysia.in/api'[39m[33m;[39m[0m

You're importing a component that needs 
`useRouter`. This React Hook only works in 
a Client Component. To fix, mark the file 
(or its parent) with the `"use client"` 
directive.

 Learn more: https://nextjs.org/docs/app/api
-reference/directives/use-client



Import trace:
  Server Component:
    ./src/components/university/PopularCours
es.tsx
    ./src/app/university/[slug]/courses/[cou
rseSlug]/CourseDetailClient.tsx
    ./src/app/university/[slug]/courses/[cou
rseSlug]/page.tsx


./src/components/university/PopularCourses.t
sx:1:17
Ecmascript file had an error
[0m[31m[1m>[22m[39m[90m 1 |[39m 
[36mimport[39m [33mReact[39m[33m,[39m 
{ useState[33m,[39m useEffect } 
[36mfrom[39m [32m"react"[39m[33m;[39m
 [90m   |[39m                 [31m[1m^[
22m[39m[31m[1m^[22m[39m[31m[1m^[22m
[39m[31m[1m^[22m[39m[31m[1m^[22m[39m
[31m[1m^[22m[39m[31m[1m^[22m[39m[31
m[1m^[22m[39m
 [90m 2 |[39m [36mimport[39m { 
[33mFaArrowRight[39m } [36mfrom[39m 
[32m"react-icons/fa"[39m[33m;[39m
 [90m 3 |[39m [36mimport[39m 
[33mLink[39m [36mfrom[39m 
[32m"next/link"[39m[33m;[39m
 [90m 4 |[39m [36mimport[39m { 
useRouter } [36mfrom[39m 
[32m"next/navigation"[39m[33m;[39m[0m

You're importing a component that needs 
`useState`. This React Hook only works in a 
Client Component. To fix, mark the file (or 
its parent) with the `"use client"` 
directive.

 Learn more: https://nextjs.org/docs/app/api
-reference/directives/use-client



Import trace:
  Server Component:
    ./src/components/university/PopularCours
es.tsx
    ./src/app/university/[slug]/courses/[cou
rseSlug]/CourseDetailClient.tsx
    ./src/app/university/[slug]/courses/[cou
rseSlug]/page.tsx


./src/app/why-study-in-malaysia/page.tsx:3:1
Module not found: Can't resolve '@/component
s/common/FeaturedUniversitiesSidebar'
[0m [90m 1 |[39m [36mimport[39m 
[33mLink[39m [36mfrom[39m 
[32m'next/link'[39m
 [90m 2 |[39m [36mimport[39m 
[33mOtherFeatures[39m [36mfrom[39m [32m
'@/components/common/OtherFeatures'[39m
[31m[1m>[22m[39m[90m 3 |[39m 
[36mimport[39m 
[33mFeaturedUniversitiesSidebar[39m 
[36mfrom[39m [32m'@/components/common/Fea
turedUniversitiesSidebar'[39m
 [90m   |[39m [31m[1m^[22m[39m[31m[1
m^[22m[39m[31m[1m^[22m[39m[31m[1m^[
22m[39m[31m[1m^[22m[39m[31m[1m^[22m
[39m[31m[1m^[22m[39m[31m[1m^[22m[39m
[31m[1m^[22m[39m[31m[1m^[22m[39m[31
m[1m^[22m[39m[31m[1m^[22m[39m[31m[1
m^[22m[39m[31m[1m^[22m[39m[31m[1m^[
22m[39m[31m[1m^[22m[39m[31m[1m^[22m
[39m[31m[1m^[22m[39m[31m[1m^[22m[39m
[31m[1m^[22m[39m[31m[1m^[22m[39m[31
m[1m^[22m[39m[31m[1m^[22m[39m[31m[1
m^[22m[39m[31m[1m^[22m[39m[31m[1m^[
22m[39m[31m[1m^[22m[39m[31m[1m^[22m
[39m[31m[1m^[22m[39m[31m[1m^[22m[39m
[31m[1m^[22m[39m[31m[1m^[22m[39m[31
m[1m^[22m[39m[31m[1m^[22m[39m[31m[1
m^[22m[39m[31m[1m^[22m[39m[31m[1m^[
22m[39m[31m[1m^[22m[39m[31m[1m^[22m
[39m[31m[1m^[22m[39m[31m[1m^[22m[39m
[31m[1m^[22m[39m[31m[1m^[22m[39m[31
m[1m^[22m[39m[31m[1m^[22m[39m[31m[1
m^[22m[39m[31m[1m^[22m[39m[31m[1m^[
22m[39m[31m[1m^[22m[39m[31m[1m^[22m
[39m[31m[1m^[22m[39m[31m[1m^[22m[39m
[31m[1m^[22m[39m[31m[1m^[22m[39m[31
m[1m^[22m[39m[31m[1m^[22m[39m[31m[1
m^[22m[39m[31m[1m^[22m[39m[31m[1m^[
22m[39m[31m[1m^[22m[39m[31m[1m^[22m
[39m[31m[1m^[22m[39m[31m[1m^[22m[39m
[31m[1m^[22m[39m[31m[1m^[22m[39m[31
m[1m^[22m[39m[31m[1m^[22m[39m[31m[1
m^[22m[39m[31m[1m^[22m[39m[31m[1m^[
22m[39m[31m[1m^[22m[39m[31m[1m^[22m
[39m[31m[1m^[22m[39m[31m[1m^[22m[39m
[31m[1m^[22m[39m[31m[1m^[22m[39m[31
m[1m^[22m[39m[31m[1m^[22m[39m[31m[1
m^[22m[39m[31m[1m^[22m[39m[31m[1m^[
22m[39m[31m[1m^[22m[39m[31m[1m^[22m
[39m[31m[1m^[22m[39m[31m[1m^[22m[39m
[31m[1m^[22m[39m[31m[1m^[22m[39m[31
m[1m^[22m[39m[31m[1m^[22m[39m
 [90m 4 |[39m [36mimport[39m { 
[33mMetadata[39m } [36mfrom[39m 
[32m'next'[39m
 [90m 5 |[39m [36mimport[39m { 
[33mSITE_URL[39m } [36mfrom[39m 
[32m'@/lib/constants'[39m
 [90m 6 |[39m [36mimport[39m 
[33mBreadcrumb[39m [36mfrom[39m 
[32m'@/components/Breadcrumb'[39m[0m

Import map: aliased to relative './src/compo
nents/common/FeaturedUniversitiesSidebar' 
inside of [project]/


https://nextjs.org/docs/messages/module-not-
found


    at <unknown> (./src/app/course/[slug]/Co
urseCategoryDetailClient.tsx:1:27)
    at <unknown> (./src/app/course/[slug]/Co
urseCategoryDetailClient.tsx:1:17)
    at <unknown> (./src/app/university/[slug
]/courses/[courseSlug]/CourseDetailClient.ts
x:1:27)
    at <unknown> (./src/app/university/[slug
]/courses/[courseSlug]/CourseDetailClient.ts
x:3:10)
    at <unknown> (./src/app/university/[slug
]/courses/[courseSlug]/CourseDetailClient.ts
x:1:17)
    at <unknown> 
(./src/components/modals/AuthModal.tsx:1:27)
    at <unknown> 
(./src/components/modals/AuthModal.tsx:1:17)
    at <unknown> (./src/components/modals/Mo
dalLogin.tsx:1:17)
    at <unknown> 
(./src/components/modals/ModalOTP.tsx:1:17)
    at <unknown> (./src/components/modals/Mo
dalSignUp.tsx:1:17)
    at <unknown> (./src/components/modals/Mo
dalSignUp.tsx:1:28)
    at <unknown> (./src/components/modals/us
ePopupFormState.ts:1:20)
    at <unknown> (./src/components/modals/us
ePopupFormState.ts:1:10)
    at <unknown> (./src/components/universit
y/PopularCourses.tsx:1:27)
    at <unknown> (./src/components/universit
y/PopularCourses.tsx:4:10)
    at <unknown> (./src/components/universit
y/PopularCourses.tsx:1:17)
    at <unknown> (./src/app/why-study-in-mal
aysia/page.tsx:3:1)
    at <unknown> (https://nextjs.org/docs/me
ssages/module-not-found)
