
> next-education-malaysia@0.1.0 build
> next build

Γû▓ Next.js 16.1.6 (Turbopack)
- Environments: .env

node.exe : ΓÜá The 
"middleware" file 
convention is 
deprecated. Please use 
"proxy" instead. Learn 
more: https://nextjs.or
g/docs/messages/middlew
are-to-proxy
At line:1 char:1
+ & "C:\Program 
Files\nodejs/node.exe" 
"C:\Program 
Files\nodejs/node_mo 
...
+ ~~~~~~~~~~~~~~~~~~~~~
~~~~~~~~~~~~~~~~~~~~~~~
~~~~~~~~~~~~~~~~~~~~~~~
~~
    + CategoryInfo     
         : NotSpecifi  
  ed: (ΓÜá The "midd   
 le...leware-to-pro    
xy:String) [], Rem    
oteException
    + FullyQualifiedEr 
   rorId : NativeComm  
  andError
 
  Creating an optimized production build ...

> Build error occurred
Error: Turbopack build 
failed with 1 errors:
./src/components/layout
/Footer.tsx:85:17
Parsing ecmascript 
source code failed
[0m [90m 83 |[39m   
            ))}
 [90m 84 |[39m       
      [33m<[39m[33m/
[39m[33mdiv[39m[33m
>[39m
[31m[1m>[22m[39m[9
0m 85 |[39m           
[33m<[39m[33m/[39m
[33mdiv[39m[33m>[39m
 [90m    |[39m       
          
[31m[1m^[22m[39m
[31m[1m>[22m[39m[9
0m 86 |[39m
 [90m    |[39m 
[31m[1m^[22m[39m
[31m[1m>[22m[39m[9
0m 87 |[39m           
[33m<[39m[33mdiv[39
m className[33m=[39m
[32m"lg:col-span-12 xl:
col-span-7"[39m[33m>
[39m
 [90m    |[39m [31m
[1m^[22m[39m[31m[1m
^[22m[39m[31m[1m^[
22m[39m[31m[1m^[22m
[39m[31m[1m^[22m[3
9m[31m[1m^[22m[39m
[31m[1m^[22m[39m[31
m[1m^[22m[39m[31m[
1m^[22m[39m[31m[1m^
[22m[39m[31m[1m^[2
2m[39m
 [90m 88 |[39m       
       [33m<[39m[33m
div[39m className[33m
=[39m[32m"bg-blue-600
 rounded-[2.5rem] p-8 
md:p-12 text-white 
relative 
overflow-hidden 
group"[39m[33m>[39m
 [90m 89 |[39m       
          [33m<[39m[
33mdiv[39m className[
33m=[39m[32m"absolute
 top-0 right-0 w-64 
h-64 bg-white/10 
rounded-full blur-3xl 
-mr-32 -mt-32 
transition-all 
duration-700 group-hove
r:scale-110"[39m 
[33m/[39m[33m>[39m
 [90m 90 |[39m       
          [33m<[39m[
33mdiv[39m className[
33m=[39m[32m"relative
 z-10 grid grid-cols-1 
md:grid-cols-2 gap-8 it
ems-center"[39m[33m>
[39m[0m

Expected '</', got 
'jsx text'

Import trace:
  Server Component:
    ./src/components/la
yout/Footer.tsx
    
./src/app/layout.tsx


    at <unknown> (./src
/components/layout/Foot
er.tsx:85:17)
