src/backend/services/exam.service.ts(3,33): error TS2307: Cannot find module '@/backend/utils/serialize' or its corresponding type declarations.
src/backend/services/university.service.ts(205,32): error TS7006: Parameter 'u' implicitly has an 'any' type.
