.next/dev/types/validator.ts(756,31): error TS2344: Type 'typeof import("d:/NEXT/NextEducationMalaysia/src/app/api/v1/student/add-school/route")' does not satisfy the constraint 'RouteHandlerConfig<"/api/v1/student/add-school">'.
  Types of property 'POST' are incompatible.
    Type '(handler: RouteHandler) => RouteHandler' is not assignable to type '(request: NextRequest, context: { params: Promise<{}>; }) => void | Response | Promise<void | Response>'.
      Types of parameters 'handler' and 'request' are incompatible.
        Type 'NextRequest' is not assignable to type 'RouteHandler'.
          Type 'NextRequest' provides no match for the signature '(request: any, ...args: any[]): Promise<NextResponse<unknown>>'.
.next/dev/types/validator.ts(765,31): error TS2344: Type 'typeof import("d:/NEXT/NextEducationMalaysia/src/app/api/v1/student/applied-college/route")' does not satisfy the constraint 'RouteHandlerConfig<"/api/v1/student/applied-college">'.
  Types of property 'GET' are incompatible.
    Type '(handler: RouteHandler) => RouteHandler' is not assignable to type '(request: NextRequest, context: { params: Promise<{}>; }) => void | Response | Promise<void | Response>'.
      Types of parameters 'handler' and 'request' are incompatible.
        Type 'NextRequest' is not assignable to type 'RouteHandler'.
          Type 'NextRequest' provides no match for the signature '(request: any, ...args: any[]): Promise<NextResponse<unknown>>'.
.next/dev/types/validator.ts(774,31): error TS2344: Type 'typeof import("d:/NEXT/NextEducationMalaysia/src/app/api/v1/student/change-password/route")' does not satisfy the constraint 'RouteHandlerConfig<"/api/v1/student/change-password">'.
  Types of property 'POST' are incompatible.
    Type '(handler: RouteHandler) => RouteHandler' is not assignable to type '(request: NextRequest, context: { params: Promise<{}>; }) => void | Response | Promise<void | Response>'.
      Types of parameters 'handler' and 'request' are incompatible.
        Type 'NextRequest' is not assignable to type 'RouteHandler'.
          Type 'NextRequest' provides no match for the signature '(request: any, ...args: any[]): Promise<NextResponse<unknown>>'.
.next/dev/types/validator.ts(783,31): error TS2344: Type 'typeof import("d:/NEXT/NextEducationMalaysia/src/app/api/v1/student/delete-school/[id]/route")' does not satisfy the constraint 'RouteHandlerConfig<"/api/v1/student/delete-school/[id]">'.
  Types of property 'DELETE' are incompatible.
    Type '(handler: RouteHandler) => RouteHandler' is not assignable to type '(request: NextRequest, context: { params: Promise<{ id: string; }>; }) => void | Response | Promise<void | Response>'.
      Types of parameters 'handler' and 'request' are incompatible.
        Type 'NextRequest' is not assignable to type 'RouteHandler'.
          Type 'NextRequest' provides no match for the signature '(request: any, ...args: any[]): Promise<NextResponse<unknown>>'.
.next/dev/types/validator.ts(792,31): error TS2344: Type 'typeof import("d:/NEXT/NextEducationMalaysia/src/app/api/v1/student/documents/route")' does not satisfy the constraint 'RouteHandlerConfig<"/api/v1/student/documents">'.
  Types of property 'GET' are incompatible.
    Type '(handler: RouteHandler) => RouteHandler' is not assignable to type '(request: NextRequest, context: { params: Promise<{}>; }) => void | Response | Promise<void | Response>'.
      Types of parameters 'handler' and 'request' are incompatible.
        Type 'NextRequest' is not assignable to type 'RouteHandler'.
          Type 'NextRequest' provides no match for the signature '(request: any, ...args: any[]): Promise<NextResponse<unknown>>'.
.next/dev/types/validator.ts(801,31): error TS2344: Type 'typeof import("d:/NEXT/NextEducationMalaysia/src/app/api/v1/student/education-summary/route")' does not satisfy the constraint 'RouteHandlerConfig<"/api/v1/student/education-summary">'.
  Types of property 'POST' are incompatible.
    Type '(handler: RouteHandler) => RouteHandler' is not assignable to type '(request: NextRequest, context: { params: Promise<{}>; }) => void | Response | Promise<void | Response>'.
      Types of parameters 'handler' and 'request' are incompatible.
        Type 'NextRequest' is not assignable to type 'RouteHandler'.
          Type 'NextRequest' provides no match for the signature '(request: any, ...args: any[]): Promise<NextResponse<unknown>>'.
.next/dev/types/validator.ts(810,31): error TS2344: Type 'typeof import("d:/NEXT/NextEducationMalaysia/src/app/api/v1/student/forgot-password/route")' does not satisfy the constraint 'RouteHandlerConfig<"/api/v1/student/forgot-password">'.
  Types of property 'POST' are incompatible.
    Type '(handler: RouteHandler) => RouteHandler' is not assignable to type '(request: NextRequest, context: { params: Promise<{}>; }) => void | Response | Promise<void | Response>'.
      Types of parameters 'handler' and 'request' are incompatible.
        Type 'NextRequest' is not assignable to type 'RouteHandler'.
          Type 'NextRequest' provides no match for the signature '(request: any, ...args: any[]): Promise<NextResponse<unknown>>'.
.next/dev/types/validator.ts(819,31): error TS2344: Type 'typeof import("d:/NEXT/NextEducationMalaysia/src/app/api/v1/student/login/route")' does not satisfy the constraint 'RouteHandlerConfig<"/api/v1/student/login">'.
  Types of property 'POST' are incompatible.
    Type '(handler: RouteHandler) => RouteHandler' is not assignable to type '(request: NextRequest, context: { params: Promise<{}>; }) => void | Response | Promise<void | Response>'.
      Types of parameters 'handler' and 'request' are incompatible.
        Type 'NextRequest' is not assignable to type 'RouteHandler'.
          Type 'NextRequest' provides no match for the signature '(request: any, ...args: any[]): Promise<NextResponse<unknown>>'.
.next/dev/types/validator.ts(828,31): error TS2344: Type 'typeof import("d:/NEXT/NextEducationMalaysia/src/app/api/v1/student/personal-information/route")' does not satisfy the constraint 'RouteHandlerConfig<"/api/v1/student/personal-information">'.
  Types of property 'POST' are incompatible.
    Type '(handler: RouteHandler) => RouteHandler' is not assignable to type '(request: NextRequest, context: { params: Promise<{}>; }) => void | Response | Promise<void | Response>'.
      Types of parameters 'handler' and 'request' are incompatible.
        Type 'NextRequest' is not assignable to type 'RouteHandler'.
          Type 'NextRequest' provides no match for the signature '(request: any, ...args: any[]): Promise<NextResponse<unknown>>'.
.next/dev/types/validator.ts(837,31): error TS2344: Type 'typeof import("d:/NEXT/NextEducationMalaysia/src/app/api/v1/student/profile/route")' does not satisfy the constraint 'RouteHandlerConfig<"/api/v1/student/profile">'.
  Types of property 'GET' are incompatible.
    Type '(handler: RouteHandler) => RouteHandler' is not assignable to type '(request: NextRequest, context: { params: Promise<{}>; }) => void | Response | Promise<void | Response>'.
      Types of parameters 'handler' and 'request' are incompatible.
        Type 'NextRequest' is not assignable to type 'RouteHandler'.
          Type 'NextRequest' provides no match for the signature '(request: any, ...args: any[]): Promise<NextResponse<unknown>>'.
.next/dev/types/validator.ts(846,31): error TS2344: Type 'typeof import("d:/NEXT/NextEducationMalaysia/src/app/api/v1/student/register/route")' does not satisfy the constraint 'RouteHandlerConfig<"/api/v1/student/register">'.
  Types of property 'POST' are incompatible.
    Type '(handler: RouteHandler) => RouteHandler' is not assignable to type '(request: NextRequest, context: { params: Promise<{}>; }) => void | Response | Promise<void | Response>'.
      Types of parameters 'handler' and 'request' are incompatible.
        Type 'NextRequest' is not assignable to type 'RouteHandler'.
          Type 'NextRequest' provides no match for the signature '(request: any, ...args: any[]): Promise<NextResponse<unknown>>'.
.next/dev/types/validator.ts(855,31): error TS2344: Type 'typeof import("d:/NEXT/NextEducationMalaysia/src/app/api/v1/student/resend-otp/route")' does not satisfy the constraint 'RouteHandlerConfig<"/api/v1/student/resend-otp">'.
  Types of property 'POST' are incompatible.
    Type '(handler: RouteHandler) => RouteHandler' is not assignable to type '(request: NextRequest, context: { params: Promise<{}>; }) => void | Response | Promise<void | Response>'.
      Types of parameters 'handler' and 'request' are incompatible.
        Type 'NextRequest' is not assignable to type 'RouteHandler'.
          Type 'NextRequest' provides no match for the signature '(request: any, ...args: any[]): Promise<NextResponse<unknown>>'.
.next/dev/types/validator.ts(864,31): error TS2344: Type 'typeof import("d:/NEXT/NextEducationMalaysia/src/app/api/v1/student/reset-password/route")' does not satisfy the constraint 'RouteHandlerConfig<"/api/v1/student/reset-password">'.
  Types of property 'POST' are incompatible.
    Type '(handler: RouteHandler) => RouteHandler' is not assignable to type '(request: NextRequest, context: { params: Promise<{}>; }) => void | Response | Promise<void | Response>'.
      Types of parameters 'handler' and 'request' are incompatible.
        Type 'NextRequest' is not assignable to type 'RouteHandler'.
          Type 'NextRequest' provides no match for the signature '(request: any, ...args: any[]): Promise<NextResponse<unknown>>'.
.next/dev/types/validator.ts(873,31): error TS2344: Type 'typeof import("d:/NEXT/NextEducationMalaysia/src/app/api/v1/student/schools/route")' does not satisfy the constraint 'RouteHandlerConfig<"/api/v1/student/schools">'.
  Types of property 'GET' are incompatible.
    Type '(handler: RouteHandler) => RouteHandler' is not assignable to type '(request: NextRequest, context: { params: Promise<{}>; }) => void | Response | Promise<void | Response>'.
      Types of parameters 'handler' and 'request' are incompatible.
        Type 'NextRequest' is not assignable to type 'RouteHandler'.
          Type 'NextRequest' provides no match for the signature '(request: any, ...args: any[]): Promise<NextResponse<unknown>>'.
.next/dev/types/validator.ts(882,31): error TS2344: Type 'typeof import("d:/NEXT/NextEducationMalaysia/src/app/api/v1/student/shortlist/route")' does not satisfy the constraint 'RouteHandlerConfig<"/api/v1/student/shortlist">'.
  Types of property 'GET' are incompatible.
    Type '(handler: RouteHandler) => RouteHandler' is not assignable to type '(request: NextRequest, context: { params: Promise<{}>; }) => void | Response | Promise<void | Response>'.
      Types of parameters 'handler' and 'request' are incompatible.
        Type 'NextRequest' is not assignable to type 'RouteHandler'.
          Type 'NextRequest' provides no match for the signature '(request: any, ...args: any[]): Promise<NextResponse<unknown>>'.
.next/dev/types/validator.ts(891,31): error TS2344: Type 'typeof import("d:/NEXT/NextEducationMalaysia/src/app/api/v1/student/update-background-info/route")' does not satisfy the constraint 'RouteHandlerConfig<"/api/v1/student/update-background-info">'.
  Types of property 'POST' are incompatible.
    Type '(handler: RouteHandler) => RouteHandler' is not assignable to type '(request: NextRequest, context: { params: Promise<{}>; }) => void | Response | Promise<void | Response>'.
      Types of parameters 'handler' and 'request' are incompatible.
        Type 'NextRequest' is not assignable to type 'RouteHandler'.
          Type 'NextRequest' provides no match for the signature '(request: any, ...args: any[]): Promise<NextResponse<unknown>>'.
.next/dev/types/validator.ts(900,31): error TS2344: Type 'typeof import("d:/NEXT/NextEducationMalaysia/src/app/api/v1/student/update-gmat-score/route")' does not satisfy the constraint 'RouteHandlerConfig<"/api/v1/student/update-gmat-score">'.
  Types of property 'POST' are incompatible.
    Type '(handler: RouteHandler) => RouteHandler' is not assignable to type '(request: NextRequest, context: { params: Promise<{}>; }) => void | Response | Promise<void | Response>'.
      Types of parameters 'handler' and 'request' are incompatible.
        Type 'NextRequest' is not assignable to type 'RouteHandler'.
          Type 'NextRequest' provides no match for the signature '(request: any, ...args: any[]): Promise<NextResponse<unknown>>'.
.next/dev/types/validator.ts(909,31): error TS2344: Type 'typeof import("d:/NEXT/NextEducationMalaysia/src/app/api/v1/student/update-gre-score/route")' does not satisfy the constraint 'RouteHandlerConfig<"/api/v1/student/update-gre-score">'.
  Types of property 'POST' are incompatible.
    Type '(handler: RouteHandler) => RouteHandler' is not assignable to type '(request: NextRequest, context: { params: Promise<{}>; }) => void | Response | Promise<void | Response>'.
      Types of parameters 'handler' and 'request' are incompatible.
        Type 'NextRequest' is not assignable to type 'RouteHandler'.
          Type 'NextRequest' provides no match for the signature '(request: any, ...args: any[]): Promise<NextResponse<unknown>>'.
.next/dev/types/validator.ts(918,31): error TS2344: Type 'typeof import("d:/NEXT/NextEducationMalaysia/src/app/api/v1/student/update-sat-score/route")' does not satisfy the constraint 'RouteHandlerConfig<"/api/v1/student/update-sat-score">'.
  Types of property 'POST' are incompatible.
    Type '(handler: RouteHandler) => RouteHandler' is not assignable to type '(request: NextRequest, context: { params: Promise<{}>; }) => void | Response | Promise<void | Response>'.
      Types of parameters 'handler' and 'request' are incompatible.
        Type 'NextRequest' is not assignable to type 'RouteHandler'.
          Type 'NextRequest' provides no match for the signature '(request: any, ...args: any[]): Promise<NextResponse<unknown>>'.
.next/dev/types/validator.ts(927,31): error TS2344: Type 'typeof import("d:/NEXT/NextEducationMalaysia/src/app/api/v1/student/update-school/route")' does not satisfy the constraint 'RouteHandlerConfig<"/api/v1/student/update-school">'.
  Types of property 'POST' are incompatible.
    Type '(handler: RouteHandler) => RouteHandler' is not assignable to type '(request: NextRequest, context: { params: Promise<{}>; }) => void | Response | Promise<void | Response>'.
      Types of parameters 'handler' and 'request' are incompatible.
        Type 'NextRequest' is not assignable to type 'RouteHandler'.
          Type 'NextRequest' provides no match for the signature '(request: any, ...args: any[]): Promise<NextResponse<unknown>>'.
.next/dev/types/validator.ts(936,31): error TS2344: Type 'typeof import("d:/NEXT/NextEducationMalaysia/src/app/api/v1/student/update-test-score/route")' does not satisfy the constraint 'RouteHandlerConfig<"/api/v1/student/update-test-score">'.
  Types of property 'POST' are incompatible.
    Type '(handler: RouteHandler) => RouteHandler' is not assignable to type '(request: NextRequest, context: { params: Promise<{}>; }) => void | Response | Promise<void | Response>'.
      Types of parameters 'handler' and 'request' are incompatible.
        Type 'NextRequest' is not assignable to type 'RouteHandler'.
          Type 'NextRequest' provides no match for the signature '(request: any, ...args: any[]): Promise<NextResponse<unknown>>'.
.next/dev/types/validator.ts(945,31): error TS2344: Type 'typeof import("d:/NEXT/NextEducationMalaysia/src/app/api/v1/student/upload-documents/route")' does not satisfy the constraint 'RouteHandlerConfig<"/api/v1/student/upload-documents">'.
  Types of property 'POST' are incompatible.
    Type '(handler: RouteHandler) => RouteHandler' is not assignable to type '(request: NextRequest, context: { params: Promise<{}>; }) => void | Response | Promise<void | Response>'.
      Types of parameters 'handler' and 'request' are incompatible.
        Type 'NextRequest' is not assignable to type 'RouteHandler'.
          Type 'NextRequest' provides no match for the signature '(request: any, ...args: any[]): Promise<NextResponse<unknown>>'.
.next/dev/types/validator.ts(954,31): error TS2344: Type 'typeof import("d:/NEXT/NextEducationMalaysia/src/app/api/v1/student/verify-otp/route")' does not satisfy the constraint 'RouteHandlerConfig<"/api/v1/student/verify-otp">'.
  Types of property 'POST' are incompatible.
    Type '(handler: RouteHandler) => RouteHandler' is not assignable to type '(request: NextRequest, context: { params: Promise<{}>; }) => void | Response | Promise<void | Response>'.
      Types of parameters 'handler' and 'request' are incompatible.
        Type 'NextRequest' is not assignable to type 'RouteHandler'.
          Type 'NextRequest' provides no match for the signature '(request: any, ...args: any[]): Promise<NextResponse<unknown>>'.
src/app/api/v1/student/delete-school/[id]/route.ts(13,38): error TS2345: Argument of type '(request: NextRequest, { params }: { params: { id: string; }; }) => Promise<NextResponse<unknown>>' is not assignable to parameter of type 'MiddlewareFn'.
  Target signature provides too few arguments. Expected 2 or more, but got 1.
src/backend/middleware/auth.ts(59,24): error TS2322: Type 'string | null' is not assignable to type 'string'.
  Type 'null' is not assignable to type 'string'.
src/backend/services/exam.service.ts(3,33): error TS2307: Cannot find module '@/backend/utils/serialize' or its corresponding type declarations.
src/backend/services/university.service.ts(205,32): error TS7006: Parameter 'u' implicitly has an 'any' type.
src/backend/utils/auth.ts(22,33): error TS2307: Cannot find module 'bcryptjs' or its corresponding type declarations.
src/backend/utils/auth.ts(35,33): error TS2307: Cannot find module 'bcryptjs' or its corresponding type declarations.
